------------------------------------------------------------
Timing Analyzer Summary
------------------------------------------------------------

Type  : Slow 1200mV 85C Model Setup 'currentState[0]'
Slack : -11.543
TNS   : -350.891

Type  : Slow 1200mV 85C Model Setup 'clk'
Slack : -5.136
TNS   : -684.144

Type  : Slow 1200mV 85C Model Hold 'clk'
Slack : 0.341
TNS   : 0.000

Type  : Slow 1200mV 85C Model Hold 'currentState[0]'
Slack : 0.878
TNS   : 0.000

Type  : Slow 1200mV 85C Model Minimum Pulse Width 'clk'
Slack : -3.000
TNS   : -256.943

Type  : Slow 1200mV 85C Model Minimum Pulse Width 'currentState[0]'
Slack : -2.250
TNS   : -280.825

Type  : Slow 1200mV 0C Model Setup 'currentState[0]'
Slack : -10.752
TNS   : -327.647

Type  : Slow 1200mV 0C Model Setup 'clk'
Slack : -4.732
TNS   : -618.952

Type  : Slow 1200mV 0C Model Hold 'clk'
Slack : 0.306
TNS   : 0.000

Type  : Slow 1200mV 0C Model Hold 'currentState[0]'
Slack : 0.792
TNS   : 0.000

Type  : Slow 1200mV 0C Model Minimum Pulse Width 'clk'
Slack : -3.000
TNS   : -256.943

Type  : Slow 1200mV 0C Model Minimum Pulse Width 'currentState[0]'
Slack : -2.103
TNS   : -248.964

Type  : Fast 1200mV 0C Model Setup 'currentState[0]'
Slack : -4.758
TNS   : -147.465

Type  : Fast 1200mV 0C Model Setup 'clk'
Slack : -1.745
TNS   : -200.282

Type  : Fast 1200mV 0C Model Hold 'clk'
Slack : 0.148
TNS   : 0.000

Type  : Fast 1200mV 0C Model Hold 'currentState[0]'
Slack : 0.230
TNS   : 0.000

Type  : Fast 1200mV 0C Model Minimum Pulse Width 'clk'
Slack : -3.000
TNS   : -187.353

Type  : Fast 1200mV 0C Model Minimum Pulse Width 'currentState[0]'
Slack : -0.718
TNS   : -53.266

------------------------------------------------------------
