Analysis & Synthesis report for Alarm_Clock_EE271
Thu Nov 05 18:03:23 2020
Quartus Prime Version 20.1.0 Build 711 06/05/2020 SJ Lite Edition


---------------------
; Table of Contents ;
---------------------
  1. Legal Notice
  2. Analysis & Synthesis Summary
  3. Analysis & Synthesis Settings
  4. Parallel Compilation
  5. Analysis & Synthesis Source Files Read
  6. Analysis & Synthesis Resource Usage Summary
  7. Analysis & Synthesis Resource Utilization by Entity
  8. General Register Statistics
  9. Inverted Register Statistics
 10. Multiplexer Restructuring Statistics (Restructuring Performed)
 11. Post-Synthesis Netlist Statistics for Top Partition
 12. Elapsed Time Per Partition
 13. Analysis & Synthesis Messages
 14. Analysis & Synthesis Suppressed Messages



----------------
; Legal Notice ;
----------------
Copyright (C) 2020  Intel Corporation. All rights reserved.
Your use of Intel Corporation's design tools, logic functions 
and other software and tools, and any partner logic 
functions, and any output files from any of the foregoing 
(including device programming or simulation files), and any 
associated documentation or information are expressly subject 
to the terms and conditions of the Intel Program License 
Subscription Agreement, the Intel Quartus Prime License Agreement,
the Intel FPGA IP License Agreement, or other applicable license
agreement, including, without limitation, that your use is for
the sole purpose of programming logic devices manufactured by
Intel and sold by Intel or its authorized distributors.  Please
refer to the applicable agreement for further details, at
https://fpgasoftware.intel.com/eula.



+----------------------------------------------------------------------------------+
; Analysis & Synthesis Summary                                                     ;
+------------------------------------+---------------------------------------------+
; Analysis & Synthesis Status        ; Successful - Thu Nov 05 18:03:23 2020       ;
; Quartus Prime Version              ; 20.1.0 Build 711 06/05/2020 SJ Lite Edition ;
; Revision Name                      ; Alarm_Clock_EE271                           ;
; Top-level Entity Name              ; Alarm_Clock_EE271                           ;
; Family                             ; MAX 10                                      ;
; Total logic elements               ; 74                                          ;
;     Total combinational functions  ; 74                                          ;
;     Dedicated logic registers      ; 53                                          ;
; Total registers                    ; 53                                          ;
; Total pins                         ; 71                                          ;
; Total virtual pins                 ; 0                                           ;
; Total memory bits                  ; 0                                           ;
; Embedded Multiplier 9-bit elements ; 0                                           ;
; Total PLLs                         ; 0                                           ;
; UFM blocks                         ; 0                                           ;
; ADC blocks                         ; 0                                           ;
+------------------------------------+---------------------------------------------+


+------------------------------------------------------------------------------------------------------------+
; Analysis & Synthesis Settings                                                                              ;
+------------------------------------------------------------------+--------------------+--------------------+
; Option                                                           ; Setting            ; Default Value      ;
+------------------------------------------------------------------+--------------------+--------------------+
; Device                                                           ; 10M50DAF484C7G     ;                    ;
; Top-level entity name                                            ; Alarm_Clock_EE271  ; Alarm_Clock_EE271  ;
; Family name                                                      ; MAX 10             ; Cyclone V          ;
; Use smart compilation                                            ; Off                ; Off                ;
; Enable parallel Assembler and Timing Analyzer during compilation ; On                 ; On                 ;
; Enable compact report table                                      ; Off                ; Off                ;
; Restructure Multiplexers                                         ; Auto               ; Auto               ;
; Create Debugging Nodes for IP Cores                              ; Off                ; Off                ;
; Preserve fewer node names                                        ; On                 ; On                 ;
; Intel FPGA IP Evaluation Mode                                    ; Enable             ; Enable             ;
; Verilog Version                                                  ; Verilog_2001       ; Verilog_2001       ;
; VHDL Version                                                     ; VHDL_1993          ; VHDL_1993          ;
; State Machine Processing                                         ; Auto               ; Auto               ;
; Safe State Machine                                               ; Off                ; Off                ;
; Extract Verilog State Machines                                   ; On                 ; On                 ;
; Extract VHDL State Machines                                      ; On                 ; On                 ;
; Ignore Verilog initial constructs                                ; Off                ; Off                ;
; Iteration limit for constant Verilog loops                       ; 5000               ; 5000               ;
; Iteration limit for non-constant Verilog loops                   ; 250                ; 250                ;
; Add Pass-Through Logic to Inferred RAMs                          ; On                 ; On                 ;
; Infer RAMs from Raw Logic                                        ; On                 ; On                 ;
; Parallel Synthesis                                               ; On                 ; On                 ;
; DSP Block Balancing                                              ; Auto               ; Auto               ;
; NOT Gate Push-Back                                               ; On                 ; On                 ;
; Power-Up Don't Care                                              ; On                 ; On                 ;
; Remove Redundant Logic Cells                                     ; Off                ; Off                ;
; Remove Duplicate Registers                                       ; On                 ; On                 ;
; Ignore CARRY Buffers                                             ; Off                ; Off                ;
; Ignore CASCADE Buffers                                           ; Off                ; Off                ;
; Ignore GLOBAL Buffers                                            ; Off                ; Off                ;
; Ignore ROW GLOBAL Buffers                                        ; Off                ; Off                ;
; Ignore LCELL Buffers                                             ; Off                ; Off                ;
; Ignore SOFT Buffers                                              ; On                 ; On                 ;
; Limit AHDL Integers to 32 Bits                                   ; Off                ; Off                ;
; Optimization Technique                                           ; Balanced           ; Balanced           ;
; Carry Chain Length                                               ; 70                 ; 70                 ;
; Auto Carry Chains                                                ; On                 ; On                 ;
; Auto Open-Drain Pins                                             ; On                 ; On                 ;
; Perform WYSIWYG Primitive Resynthesis                            ; Off                ; Off                ;
; Auto ROM Replacement                                             ; On                 ; On                 ;
; Auto RAM Replacement                                             ; On                 ; On                 ;
; Auto DSP Block Replacement                                       ; On                 ; On                 ;
; Auto Shift Register Replacement                                  ; Auto               ; Auto               ;
; Allow Shift Register Merging across Hierarchies                  ; Auto               ; Auto               ;
; Auto Clock Enable Replacement                                    ; On                 ; On                 ;
; Strict RAM Replacement                                           ; Off                ; Off                ;
; Allow Synchronous Control Signals                                ; On                 ; On                 ;
; Force Use of Synchronous Clear Signals                           ; Off                ; Off                ;
; Auto RAM Block Balancing                                         ; On                 ; On                 ;
; Auto RAM to Logic Cell Conversion                                ; Off                ; Off                ;
; Auto Resource Sharing                                            ; Off                ; Off                ;
; Allow Any RAM Size For Recognition                               ; Off                ; Off                ;
; Allow Any ROM Size For Recognition                               ; Off                ; Off                ;
; Allow Any Shift Register Size For Recognition                    ; Off                ; Off                ;
; Use LogicLock Constraints during Resource Balancing              ; On                 ; On                 ;
; Ignore translate_off and synthesis_off directives                ; Off                ; Off                ;
; Timing-Driven Synthesis                                          ; On                 ; On                 ;
; Report Parameter Settings                                        ; On                 ; On                 ;
; Report Source Assignments                                        ; On                 ; On                 ;
; Report Connectivity Checks                                       ; On                 ; On                 ;
; Ignore Maximum Fan-Out Assignments                               ; Off                ; Off                ;
; Synchronization Register Chain Length                            ; 2                  ; 2                  ;
; Power Optimization During Synthesis                              ; Normal compilation ; Normal compilation ;
; HDL message level                                                ; Level2             ; Level2             ;
; Suppress Register Optimization Related Messages                  ; Off                ; Off                ;
; Number of Removed Registers Reported in Synthesis Report         ; 5000               ; 5000               ;
; Number of Swept Nodes Reported in Synthesis Report               ; 5000               ; 5000               ;
; Number of Inverted Registers Reported in Synthesis Report        ; 100                ; 100                ;
; Clock MUX Protection                                             ; On                 ; On                 ;
; Auto Gated Clock Conversion                                      ; Off                ; Off                ;
; Block Design Naming                                              ; Auto               ; Auto               ;
; SDC constraint protection                                        ; Off                ; Off                ;
; Synthesis Effort                                                 ; Auto               ; Auto               ;
; Shift Register Replacement - Allow Asynchronous Clear Signal     ; On                 ; On                 ;
; Pre-Mapping Resynthesis Optimization                             ; Off                ; Off                ;
; Analysis & Synthesis Message Level                               ; Medium             ; Medium             ;
; Disable Register Merging Across Hierarchies                      ; Auto               ; Auto               ;
; Resource Aware Inference For Block RAM                           ; On                 ; On                 ;
+------------------------------------------------------------------+--------------------+--------------------+


+------------------------------------------+
; Parallel Compilation                     ;
+----------------------------+-------------+
; Processors                 ; Number      ;
+----------------------------+-------------+
; Number detected on machine ; 8           ;
; Maximum allowed            ; 4           ;
;                            ;             ;
; Average used               ; 1.00        ;
; Maximum used               ; 4           ;
;                            ;             ;
; Usage by Processor         ; % Time Used ;
;     Processor 1            ; 100.0%      ;
;     Processors 2-4         ;   0.0%      ;
+----------------------------+-------------+


+------------------------------------------------------------------------------------------------------------------------------------------------------+
; Analysis & Synthesis Source Files Read                                                                                                               ;
+----------------------------------+-----------------+------------------------+--------------------------------------------------------------+---------+
; File Name with User-Entered Path ; Used in Netlist ; File Type              ; File Name with Absolute Path                                 ; Library ;
+----------------------------------+-----------------+------------------------+--------------------------------------------------------------+---------+
; Alarm_Clock_EE271.v              ; yes             ; User Verilog HDL File  ; C:/Users/chyav/Desktop/Alarm_Clock_EE221/Alarm_Clock_EE271.v ;         ;
+----------------------------------+-----------------+------------------------+--------------------------------------------------------------+---------+


+---------------------------------------------------------+
; Analysis & Synthesis Resource Usage Summary             ;
+---------------------------------------------+-----------+
; Resource                                    ; Usage     ;
+---------------------------------------------+-----------+
; Estimated Total logic elements              ; 74        ;
;                                             ;           ;
; Total combinational functions               ; 74        ;
; Logic element usage by number of LUT inputs ;           ;
;     -- 4 input functions                    ; 18        ;
;     -- 3 input functions                    ; 2         ;
;     -- <=2 input functions                  ; 54        ;
;                                             ;           ;
; Logic elements by mode                      ;           ;
;     -- normal mode                          ; 26        ;
;     -- arithmetic mode                      ; 48        ;
;                                             ;           ;
; Total registers                             ; 53        ;
;     -- Dedicated logic registers            ; 53        ;
;     -- I/O registers                        ; 0         ;
;                                             ;           ;
; I/O pins                                    ; 71        ;
;                                             ;           ;
; Embedded Multiplier 9-bit elements          ; 0         ;
;                                             ;           ;
; Maximum fan-out node                        ; clk~input ;
; Maximum fan-out                             ; 53        ;
; Total fan-out                               ; 471       ;
; Average fan-out                             ; 1.75      ;
+---------------------------------------------+-----------+


+------------------------------------------------------------------------------------------------------------------------------------------------------------------------------------------------------------------------------------------+
; Analysis & Synthesis Resource Utilization by Entity                                                                                                                                                                                      ;
+----------------------------+---------------------+---------------------------+-------------+------------+--------------+---------+-----------+------+--------------+------------+---------------------+-------------------+--------------+
; Compilation Hierarchy Node ; Combinational ALUTs ; Dedicated Logic Registers ; Memory Bits ; UFM Blocks ; DSP Elements ; DSP 9x9 ; DSP 18x18 ; Pins ; Virtual Pins ; ADC blocks ; Full Hierarchy Name ; Entity Name       ; Library Name ;
+----------------------------+---------------------+---------------------------+-------------+------------+--------------+---------+-----------+------+--------------+------------+---------------------+-------------------+--------------+
; |Alarm_Clock_EE271         ; 74 (74)             ; 53 (53)                   ; 0           ; 0          ; 0            ; 0       ; 0         ; 71   ; 0            ; 0          ; |Alarm_Clock_EE271  ; Alarm_Clock_EE271 ; work         ;
+----------------------------+---------------------+---------------------------+-------------+------------+--------------+---------+-----------+------+--------------+------------+---------------------+-------------------+--------------+
Note: For table entries with two numbers listed, the numbers in parentheses indicate the number of resources of the given type used by the specific entity alone. The numbers listed outside of parentheses indicate the total resources of the given type used by the specific entity and all of its sub-entities in the hierarchy.


+------------------------------------------------------+
; General Register Statistics                          ;
+----------------------------------------------+-------+
; Statistic                                    ; Value ;
+----------------------------------------------+-------+
; Total registers                              ; 53    ;
; Number of registers using Synchronous Clear  ; 50    ;
; Number of registers using Synchronous Load   ; 0     ;
; Number of registers using Asynchronous Clear ; 52    ;
; Number of registers using Asynchronous Load  ; 0     ;
; Number of registers using Clock Enable       ; 0     ;
; Number of registers using Preset             ; 0     ;
+----------------------------------------------+-------+


+--------------------------------------------------+
; Inverted Register Statistics                     ;
+----------------------------------------+---------+
; Inverted Register                      ; Fan out ;
+----------------------------------------+---------+
; button_state                           ; 3       ;
; Total number of inverted registers = 1 ;         ;
+----------------------------------------+---------+


+---------------------------------------------------------------------------------------------------------------------------------------------------------+
; Multiplexer Restructuring Statistics (Restructuring Performed)                                                                                          ;
+--------------------+-----------+---------------+----------------------+------------------------+------------+-------------------------------------------+
; Multiplexer Inputs ; Bus Width ; Baseline Area ; Area if Restructured ; Saving if Restructured ; Registered ; Example Multiplexer Output                ;
+--------------------+-----------+---------------+----------------------+------------------------+------------+-------------------------------------------+
; 3:1                ; 25 bits   ; 50 LEs        ; 25 LEs               ; 25 LEs                 ; Yes        ; |Alarm_Clock_EE271|counter_not_pressed[1] ;
; 3:1                ; 25 bits   ; 50 LEs        ; 25 LEs               ; 25 LEs                 ; Yes        ; |Alarm_Clock_EE271|counter_pressed[24]    ;
+--------------------+-----------+---------------+----------------------+------------------------+------------+-------------------------------------------+


+-----------------------------------------------------+
; Post-Synthesis Netlist Statistics for Top Partition ;
+-----------------------+-----------------------------+
; Type                  ; Count                       ;
+-----------------------+-----------------------------+
; boundary_port         ; 71                          ;
; cycloneiii_ff         ; 53                          ;
;     CLR               ; 2                           ;
;     CLR SCLR          ; 50                          ;
;     plain             ; 1                           ;
; cycloneiii_lcell_comb ; 77                          ;
;     arith             ; 48                          ;
;         2 data inputs ; 48                          ;
;     normal            ; 29                          ;
;         0 data inputs ; 2                           ;
;         1 data inputs ; 3                           ;
;         2 data inputs ; 4                           ;
;         3 data inputs ; 2                           ;
;         4 data inputs ; 18                          ;
;                       ;                             ;
; Max LUT depth         ; 4.00                        ;
; Average LUT depth     ; 3.00                        ;
+-----------------------+-----------------------------+


+-------------------------------+
; Elapsed Time Per Partition    ;
+----------------+--------------+
; Partition Name ; Elapsed Time ;
+----------------+--------------+
; Top            ; 00:00:00     ;
+----------------+--------------+


+-------------------------------+
; Analysis & Synthesis Messages ;
+-------------------------------+
Info: *******************************************************************
Info: Running Quartus Prime Analysis & Synthesis
    Info: Version 20.1.0 Build 711 06/05/2020 SJ Lite Edition
    Info: Processing started: Thu Nov 05 18:03:15 2020
Info: Command: quartus_map --read_settings_files=on --write_settings_files=off Alarm_Clock_EE271 -c Alarm_Clock_EE271
Warning (18236): Number of processors has not been specified which may cause overloading on shared machines.  Set the global assignment NUM_PARALLEL_PROCESSORS in your QSF to an appropriate value for best performance.
Info (20030): Parallel compilation is enabled and will use 4 of the 4 processors detected
Info (12021): Found 1 design units, including 1 entities, in source file alarm_clock_ee271.v
    Info (12023): Found entity 1: Alarm_Clock_EE271 File: C:/Users/chyav/Desktop/Alarm_Clock_EE221/Alarm_Clock_EE271.v Line: 1
Info (12127): Elaborating entity "Alarm_Clock_EE271" for the top level hierarchy
Warning (10199): Verilog HDL Case Statement warning at Alarm_Clock_EE271.v(106): case item expression never matches the case expression File: C:/Users/chyav/Desktop/Alarm_Clock_EE221/Alarm_Clock_EE271.v Line: 106
Warning (10199): Verilog HDL Case Statement warning at Alarm_Clock_EE271.v(107): case item expression never matches the case expression File: C:/Users/chyav/Desktop/Alarm_Clock_EE221/Alarm_Clock_EE271.v Line: 107
Warning (10199): Verilog HDL Case Statement warning at Alarm_Clock_EE271.v(108): case item expression never matches the case expression File: C:/Users/chyav/Desktop/Alarm_Clock_EE221/Alarm_Clock_EE271.v Line: 108
Warning (10199): Verilog HDL Case Statement warning at Alarm_Clock_EE271.v(109): case item expression never matches the case expression File: C:/Users/chyav/Desktop/Alarm_Clock_EE221/Alarm_Clock_EE271.v Line: 109
Warning (10199): Verilog HDL Case Statement warning at Alarm_Clock_EE271.v(110): case item expression never matches the case expression File: C:/Users/chyav/Desktop/Alarm_Clock_EE221/Alarm_Clock_EE271.v Line: 110
Warning (10199): Verilog HDL Case Statement warning at Alarm_Clock_EE271.v(111): case item expression never matches the case expression File: C:/Users/chyav/Desktop/Alarm_Clock_EE221/Alarm_Clock_EE271.v Line: 111
Warning (10034): Output port "led[9..8]" at Alarm_Clock_EE271.v(21) has no driver File: C:/Users/chyav/Desktop/Alarm_Clock_EE221/Alarm_Clock_EE271.v Line: 21
Warning (13024): Output pins are stuck at VCC or GND
    Warning (13410): Pin "led[2]" is stuck at GND File: C:/Users/chyav/Desktop/Alarm_Clock_EE221/Alarm_Clock_EE271.v Line: 21
    Warning (13410): Pin "led[3]" is stuck at GND File: C:/Users/chyav/Desktop/Alarm_Clock_EE221/Alarm_Clock_EE271.v Line: 21
    Warning (13410): Pin "led[4]" is stuck at GND File: C:/Users/chyav/Desktop/Alarm_Clock_EE221/Alarm_Clock_EE271.v Line: 21
    Warning (13410): Pin "led[5]" is stuck at GND File: C:/Users/chyav/Desktop/Alarm_Clock_EE221/Alarm_Clock_EE271.v Line: 21
    Warning (13410): Pin "led[6]" is stuck at GND File: C:/Users/chyav/Desktop/Alarm_Clock_EE221/Alarm_Clock_EE271.v Line: 21
    Warning (13410): Pin "led[7]" is stuck at GND File: C:/Users/chyav/Desktop/Alarm_Clock_EE221/Alarm_Clock_EE271.v Line: 21
    Warning (13410): Pin "led[8]" is stuck at GND File: C:/Users/chyav/Desktop/Alarm_Clock_EE221/Alarm_Clock_EE271.v Line: 21
    Warning (13410): Pin "led[9]" is stuck at GND File: C:/Users/chyav/Desktop/Alarm_Clock_EE221/Alarm_Clock_EE271.v Line: 21
    Warning (13410): Pin "seg0[1]" is stuck at GND File: C:/Users/chyav/Desktop/Alarm_Clock_EE221/Alarm_Clock_EE271.v Line: 24
    Warning (13410): Pin "seg0[7]" is stuck at VCC File: C:/Users/chyav/Desktop/Alarm_Clock_EE221/Alarm_Clock_EE271.v Line: 24
    Warning (13410): Pin "seg1[0]" is stuck at VCC File: C:/Users/chyav/Desktop/Alarm_Clock_EE221/Alarm_Clock_EE271.v Line: 25
    Warning (13410): Pin "seg1[1]" is stuck at VCC File: C:/Users/chyav/Desktop/Alarm_Clock_EE221/Alarm_Clock_EE271.v Line: 25
    Warning (13410): Pin "seg1[2]" is stuck at VCC File: C:/Users/chyav/Desktop/Alarm_Clock_EE221/Alarm_Clock_EE271.v Line: 25
    Warning (13410): Pin "seg1[3]" is stuck at VCC File: C:/Users/chyav/Desktop/Alarm_Clock_EE221/Alarm_Clock_EE271.v Line: 25
    Warning (13410): Pin "seg1[4]" is stuck at VCC File: C:/Users/chyav/Desktop/Alarm_Clock_EE221/Alarm_Clock_EE271.v Line: 25
    Warning (13410): Pin "seg1[5]" is stuck at VCC File: C:/Users/chyav/Desktop/Alarm_Clock_EE221/Alarm_Clock_EE271.v Line: 25
    Warning (13410): Pin "seg1[6]" is stuck at VCC File: C:/Users/chyav/Desktop/Alarm_Clock_EE221/Alarm_Clock_EE271.v Line: 25
    Warning (13410): Pin "seg1[7]" is stuck at VCC File: C:/Users/chyav/Desktop/Alarm_Clock_EE221/Alarm_Clock_EE271.v Line: 25
    Warning (13410): Pin "seg2[0]" is stuck at VCC File: C:/Users/chyav/Desktop/Alarm_Clock_EE221/Alarm_Clock_EE271.v Line: 26
    Warning (13410): Pin "seg2[1]" is stuck at VCC File: C:/Users/chyav/Desktop/Alarm_Clock_EE221/Alarm_Clock_EE271.v Line: 26
    Warning (13410): Pin "seg2[2]" is stuck at VCC File: C:/Users/chyav/Desktop/Alarm_Clock_EE221/Alarm_Clock_EE271.v Line: 26
    Warning (13410): Pin "seg2[3]" is stuck at VCC File: C:/Users/chyav/Desktop/Alarm_Clock_EE221/Alarm_Clock_EE271.v Line: 26
    Warning (13410): Pin "seg2[4]" is stuck at VCC File: C:/Users/chyav/Desktop/Alarm_Clock_EE221/Alarm_Clock_EE271.v Line: 26
    Warning (13410): Pin "seg2[5]" is stuck at VCC File: C:/Users/chyav/Desktop/Alarm_Clock_EE221/Alarm_Clock_EE271.v Line: 26
    Warning (13410): Pin "seg2[6]" is stuck at VCC File: C:/Users/chyav/Desktop/Alarm_Clock_EE221/Alarm_Clock_EE271.v Line: 26
    Warning (13410): Pin "seg2[7]" is stuck at VCC File: C:/Users/chyav/Desktop/Alarm_Clock_EE221/Alarm_Clock_EE271.v Line: 26
    Warning (13410): Pin "seg3[0]" is stuck at VCC File: C:/Users/chyav/Desktop/Alarm_Clock_EE221/Alarm_Clock_EE271.v Line: 27
    Warning (13410): Pin "seg3[1]" is stuck at VCC File: C:/Users/chyav/Desktop/Alarm_Clock_EE221/Alarm_Clock_EE271.v Line: 27
    Warning (13410): Pin "seg3[2]" is stuck at VCC File: C:/Users/chyav/Desktop/Alarm_Clock_EE221/Alarm_Clock_EE271.v Line: 27
    Warning (13410): Pin "seg3[3]" is stuck at VCC File: C:/Users/chyav/Desktop/Alarm_Clock_EE221/Alarm_Clock_EE271.v Line: 27
    Warning (13410): Pin "seg3[4]" is stuck at VCC File: C:/Users/chyav/Desktop/Alarm_Clock_EE221/Alarm_Clock_EE271.v Line: 27
    Warning (13410): Pin "seg3[5]" is stuck at VCC File: C:/Users/chyav/Desktop/Alarm_Clock_EE221/Alarm_Clock_EE271.v Line: 27
    Warning (13410): Pin "seg3[6]" is stuck at VCC File: C:/Users/chyav/Desktop/Alarm_Clock_EE221/Alarm_Clock_EE271.v Line: 27
    Warning (13410): Pin "seg3[7]" is stuck at VCC File: C:/Users/chyav/Desktop/Alarm_Clock_EE221/Alarm_Clock_EE271.v Line: 27
    Warning (13410): Pin "seg4[0]" is stuck at VCC File: C:/Users/chyav/Desktop/Alarm_Clock_EE221/Alarm_Clock_EE271.v Line: 28
    Warning (13410): Pin "seg4[1]" is stuck at VCC File: C:/Users/chyav/Desktop/Alarm_Clock_EE221/Alarm_Clock_EE271.v Line: 28
    Warning (13410): Pin "seg4[2]" is stuck at VCC File: C:/Users/chyav/Desktop/Alarm_Clock_EE221/Alarm_Clock_EE271.v Line: 28
    Warning (13410): Pin "seg4[3]" is stuck at VCC File: C:/Users/chyav/Desktop/Alarm_Clock_EE221/Alarm_Clock_EE271.v Line: 28
    Warning (13410): Pin "seg4[4]" is stuck at VCC File: C:/Users/chyav/Desktop/Alarm_Clock_EE221/Alarm_Clock_EE271.v Line: 28
    Warning (13410): Pin "seg4[5]" is stuck at VCC File: C:/Users/chyav/Desktop/Alarm_Clock_EE221/Alarm_Clock_EE271.v Line: 28
    Warning (13410): Pin "seg4[6]" is stuck at VCC File: C:/Users/chyav/Desktop/Alarm_Clock_EE221/Alarm_Clock_EE271.v Line: 28
    Warning (13410): Pin "seg4[7]" is stuck at VCC File: C:/Users/chyav/Desktop/Alarm_Clock_EE221/Alarm_Clock_EE271.v Line: 28
    Warning (13410): Pin "seg5[0]" is stuck at VCC File: C:/Users/chyav/Desktop/Alarm_Clock_EE221/Alarm_Clock_EE271.v Line: 29
    Warning (13410): Pin "seg5[1]" is stuck at VCC File: C:/Users/chyav/Desktop/Alarm_Clock_EE221/Alarm_Clock_EE271.v Line: 29
    Warning (13410): Pin "seg5[2]" is stuck at VCC File: C:/Users/chyav/Desktop/Alarm_Clock_EE221/Alarm_Clock_EE271.v Line: 29
    Warning (13410): Pin "seg5[3]" is stuck at VCC File: C:/Users/chyav/Desktop/Alarm_Clock_EE221/Alarm_Clock_EE271.v Line: 29
    Warning (13410): Pin "seg5[4]" is stuck at VCC File: C:/Users/chyav/Desktop/Alarm_Clock_EE221/Alarm_Clock_EE271.v Line: 29
    Warning (13410): Pin "seg5[5]" is stuck at VCC File: C:/Users/chyav/Desktop/Alarm_Clock_EE221/Alarm_Clock_EE271.v Line: 29
    Warning (13410): Pin "seg5[6]" is stuck at VCC File: C:/Users/chyav/Desktop/Alarm_Clock_EE221/Alarm_Clock_EE271.v Line: 29
    Warning (13410): Pin "seg5[7]" is stuck at VCC File: C:/Users/chyav/Desktop/Alarm_Clock_EE221/Alarm_Clock_EE271.v Line: 29
Info (286030): Timing-Driven Synthesis is running
Info (144001): Generated suppressed messages file C:/Users/chyav/Desktop/Alarm_Clock_EE221/output_files/Alarm_Clock_EE271.map.smsg
Info (16010): Generating hard_block partition "hard_block:auto_generated_inst"
    Info (16011): Adding 0 node(s), including 0 DDIO, 0 PLL, 0 transceiver and 0 LCELL
Warning (21074): Design contains 10 input pin(s) that do not drive logic
    Warning (15610): No output dependent on input pin "switches[0]" File: C:/Users/chyav/Desktop/Alarm_Clock_EE221/Alarm_Clock_EE271.v Line: 12
    Warning (15610): No output dependent on input pin "switches[1]" File: C:/Users/chyav/Desktop/Alarm_Clock_EE221/Alarm_Clock_EE271.v Line: 12
    Warning (15610): No output dependent on input pin "switches[2]" File: C:/Users/chyav/Desktop/Alarm_Clock_EE221/Alarm_Clock_EE271.v Line: 12
    Warning (15610): No output dependent on input pin "switches[3]" File: C:/Users/chyav/Desktop/Alarm_Clock_EE221/Alarm_Clock_EE271.v Line: 12
    Warning (15610): No output dependent on input pin "switches[4]" File: C:/Users/chyav/Desktop/Alarm_Clock_EE221/Alarm_Clock_EE271.v Line: 12
    Warning (15610): No output dependent on input pin "switches[5]" File: C:/Users/chyav/Desktop/Alarm_Clock_EE221/Alarm_Clock_EE271.v Line: 12
    Warning (15610): No output dependent on input pin "switches[6]" File: C:/Users/chyav/Desktop/Alarm_Clock_EE221/Alarm_Clock_EE271.v Line: 12
    Warning (15610): No output dependent on input pin "switches[7]" File: C:/Users/chyav/Desktop/Alarm_Clock_EE221/Alarm_Clock_EE271.v Line: 12
    Warning (15610): No output dependent on input pin "switches[8]" File: C:/Users/chyav/Desktop/Alarm_Clock_EE221/Alarm_Clock_EE271.v Line: 12
    Warning (15610): No output dependent on input pin "switches[9]" File: C:/Users/chyav/Desktop/Alarm_Clock_EE221/Alarm_Clock_EE271.v Line: 12
Info (21057): Implemented 145 device resources after synthesis - the final resource count might be different
    Info (21058): Implemented 13 input pins
    Info (21059): Implemented 58 output pins
    Info (21061): Implemented 74 logic cells
Info: Quartus Prime Analysis & Synthesis was successful. 0 errors, 70 warnings
    Info: Peak virtual memory: 4771 megabytes
    Info: Processing ended: Thu Nov 05 18:03:23 2020
    Info: Elapsed time: 00:00:08
    Info: Total CPU time (on all processors): 00:00:19


+------------------------------------------+
; Analysis & Synthesis Suppressed Messages ;
+------------------------------------------+
The suppressed messages can be found in C:/Users/chyav/Desktop/Alarm_Clock_EE221/output_files/Alarm_Clock_EE271.map.smsg.


